<?xml version="1.0" encoding="utf-8"?><testsuites><testsuite name="pytest" errors="0" failures="0" skipped="0" tests="1" time="96.124" timestamp="2021-10-05T17:39:21.711873" hostname="BDOMO-DT264615"><testcase classname="tests.test_reader" name="test_svsim_head" time="93.588" /></testsuite></testsuites>